
> vibe-generated-app@1.0.0 dev
> vite


  VITE v5.4.20  ready in 285 ms

  ➜  Local:   http://localhost:3000/
  ➜  Network: http://172.20.21.68:3000/
8:59:00 PM [vite] Pre-transform error: Transform failed with 1 error:
/home/workspace/src/components/Landing.jsx:33:136: ERROR: Unterminated string literal
8:59:01 PM [vite] Internal server error: Transform failed with 1 error:
/home/workspace/src/components/Landing.jsx:33:136: ERROR: Unterminated string literal
  Plugin: vite:esbuild
  File: /home/workspace/src/components/Landing.jsx:33:136
  
  Unterminated string literal
  31 |            <div className="bg-slate-900 border border-slate-800 rounded-xl p-5 font-mono text-sm">
  32 |              <div className="text-slate-400">$ git status</div>
  33 |              <pre className="whitespace-pre-wrap text-slate-200">modified: src/components/Button.tsx{"\n"}new file: src/utils/format.ts{"
     |                                                                                                                                          ^
  34 |  "}deleted: src/legacy/old.js</pre>
  35 |              <div className="mt-4 p-4 bg-black/40 rounded-lg border border-slate-800">
  
      at failureErrorWithLog (/home/workspace/node_modules/esbuild/lib/main.js:1472:15)
      at /home/workspace/node_modules/esbuild/lib/main.js:755:50
      at responseCallbacks.<computed> (/home/workspace/node_modules/esbuild/lib/main.js:622:9)
      at handleIncomingPacket (/home/workspace/node_modules/esbuild/lib/main.js:677:12)
      at Socket.readFromStdout (/home/workspace/node_modules/esbuild/lib/main.js:600:7)
      at Socket.emit (node:events:508:28)
      at addChunk (node:internal/streams/readable:559:12)
      at readableAddChunkPushByteMode (node:internal/streams/readable:510:3)
      at Readable.push (node:internal/streams/readable:390:5)
      at Pipe.onStreamRead (node:internal/stream_base_commons:189:23)
8:59:25 PM [vite] Internal server error: Transform failed with 1 error:
/home/workspace/src/components/Landing.jsx:33:136: ERROR: Unterminated string literal
  Plugin: vite:esbuild
  File: /home/workspace/src/components/Landing.jsx:33:136
  
  Unterminated string literal
  31 |            <div className="bg-slate-900 border border-slate-800 rounded-xl p-5 font-mono text-sm">
  32 |              <div className="text-slate-400">$ git status</div>
  33 |              <pre className="whitespace-pre-wrap text-slate-200">modified: src/components/Button.tsx{"\n"}new file: src/utils/format.ts{"
     |                                                                                                                                          ^
  34 |  "}deleted: src/legacy/old.js</pre>
  35 |              <div className="mt-4 p-4 bg-black/40 rounded-lg border border-slate-800">
  
      at failureErrorWithLog (/home/workspace/node_modules/esbuild/lib/main.js:1472:15)
      at /home/workspace/node_modules/esbuild/lib/main.js:755:50
      at responseCallbacks.<computed> (/home/workspace/node_modules/esbuild/lib/main.js:622:9)
      at handleIncomingPacket (/home/workspace/node_modules/esbuild/lib/main.js:677:12)
      at Socket.readFromStdout (/home/workspace/node_modules/esbuild/lib/main.js:600:7)
      at Socket.emit (node:events:508:28)
      at addChunk (node:internal/streams/readable:559:12)
      at readableAddChunkPushByteMode (node:internal/streams/readable:510:3)
      at Readable.push (node:internal/streams/readable:390:5)
      at Pipe.onStreamRead (node:internal/stream_base_commons:189:23)
